../Core/Src/main.c:37:6:MorseCodeToChar	24	static
../Core/Src/main.c:46:9:Detect_Morse_Code	24	static
../Core/Src/main.c:73:5:main	16	static
../Core/Src/main.c:102:9:Read_DO	8	static
../Core/Src/main.c:106:10:Read_ADC	8	static
../Core/Src/main.c:118:6:SystemClock_Config	88	static
../Core/Src/main.c:160:13:MX_ADC1_Init	24	static
../Core/Src/main.c:197:13:MX_USART2_UART_Init	8	static
../Core/Src/main.c:216:13:MX_GPIO_Init	48	static
../Core/Src/main.c:254:6:Error_Handler	4	static,ignoring_inline_asm
